// Jest Snapshot v1, https://goo.gl/fbAQLP

exports[`should return API getPosts with correct default limit 1`] = `
Object {
  "method": "GET",
  "qs": Object {
    "format": "json",
    "limit": 10,
  },
  "uri": "https://medium.com/@undefined/latest",
}
`;

exports[`should return API getPosts with limit 100 1`] = `
Object {
  "method": "GET",
  "qs": Object {
    "format": "json",
    "limit": 10,
  },
  "uri": "https://medium.com/@undefined/latest",
}
`;
